2025-12-07 03:07:42.021 [org.springframework.kafka.KafkaListenerEndpointContainer#1-0-C-1] INFO  o.a.k.clients.FetchSessionHandler [node1:8080] - [Consumer clientId=consumer-order-events-consumer-4, groupId=order-events-consumer] Error sending fetch request (sessionId=1789061193, epoch=5) to node 1001:
org.apache.kafka.common.errors.DisconnectException: null
2025-12-07 03:07:42.029 [kafka-coordinator-heartbeat-thread | notification-batch-consumer] INFO  o.a.k.c.c.i.ConsumerCoordinator [node1:8080] - [Consumer clientId=consumer-notification-batch-consumer-1, groupId=notification-batch-consumer] Group coordinator localhost:9093 (id: 2147482646 rack: null) is unavailable or invalid due to cause: session timed out without receiving a heartbeat response.isDisconnected: false. Rediscovery will be attempted.
2025-12-07 03:07:42.027 [org.springframework.kafka.KafkaListenerEndpointContainer#2-0-C-1] INFO  o.a.k.clients.FetchSessionHandler [node1:8080] - [Consumer clientId=consumer-notification-batch-consumer-1, groupId=notification-batch-consumer] Error sending fetch request (sessionId=1926082786, epoch=5) to node 1001:
org.apache.kafka.common.errors.DisconnectException: null
2025-12-07 03:07:42.028 [kafka-coordinator-heartbeat-thread | pattern-consumer] INFO  o.a.k.c.c.i.ConsumerCoordinator [node1:8080] - [Consumer clientId=consumer-pattern-consumer-2, groupId=pattern-consumer] Group coordinator localhost:9093 (id: 2147482646 rack: null) is unavailable or invalid due to cause: session timed out without receiving a heartbeat response.isDisconnected: false. Rediscovery will be attempted.
2025-12-07 03:07:42.025 [kafka-coordinator-heartbeat-thread | order-events-consumer] INFO  o.a.k.c.c.i.ConsumerCoordinator [node1:8080] - [Consumer clientId=consumer-order-events-consumer-4, groupId=order-events-consumer] Group coordinator localhost:9093 (id: 2147482646 rack: null) is unavailable or invalid due to cause: session timed out without receiving a heartbeat response.isDisconnected: false. Rediscovery will be attempted.
2025-12-07 03:07:42.028 [kafka-coordinator-heartbeat-thread | user-events-consumer] INFO  o.a.k.c.c.i.ConsumerCoordinator [node1:8080] - [Consumer clientId=consumer-user-events-consumer-3, groupId=user-events-consumer] Group coordinator localhost:9093 (id: 2147482646 rack: null) is unavailable or invalid due to cause: session timed out without receiving a heartbeat response.isDisconnected: false. Rediscovery will be attempted.
2025-12-07 03:07:42.025 [org.springframework.kafka.KafkaListenerEndpointContainer#3-0-C-1] INFO  o.a.k.clients.FetchSessionHandler [node1:8080] - [Consumer clientId=consumer-pattern-consumer-2, groupId=pattern-consumer] Error sending fetch request (sessionId=1910405108, epoch=4) to node 1001:
org.apache.kafka.common.errors.DisconnectException: null
2025-12-07 03:07:42.023 [org.springframework.kafka.KafkaListenerEndpointContainer#0-0-C-1] INFO  o.a.k.clients.FetchSessionHandler [node1:8080] - [Consumer clientId=consumer-user-events-consumer-3, groupId=user-events-consumer] Error sending fetch request (sessionId=686580855, epoch=5) to node 1001:
org.apache.kafka.common.errors.DisconnectException: null
2025-12-07 03:07:43.402 [org.springframework.kafka.KafkaListenerEndpointContainer#2-0-C-1] INFO  o.a.k.c.c.i.ConsumerCoordinator [node1:8080] - [Consumer clientId=consumer-notification-batch-consumer-1, groupId=notification-batch-consumer] Discovered group coordinator localhost:9093 (id: 2147482646 rack: null)
2025-12-07 03:07:43.421 [org.springframework.kafka.KafkaListenerEndpointContainer#1-0-C-1] INFO  o.a.k.c.c.i.ConsumerCoordinator [node1:8080] - [Consumer clientId=consumer-order-events-consumer-4, groupId=order-events-consumer] Discovered group coordinator localhost:9093 (id: 2147482646 rack: null)
2025-12-07 03:07:43.424 [org.springframework.kafka.KafkaListenerEndpointContainer#3-0-C-1] INFO  o.a.k.c.c.i.ConsumerCoordinator [node1:8080] - [Consumer clientId=consumer-pattern-consumer-2, groupId=pattern-consumer] Discovered group coordinator localhost:9093 (id: 2147482646 rack: null)
2025-12-07 03:07:43.435 [org.springframework.kafka.KafkaListenerEndpointContainer#0-0-C-1] INFO  o.a.k.c.c.i.ConsumerCoordinator [node1:8080] - [Consumer clientId=consumer-user-events-consumer-3, groupId=user-events-consumer] Discovered group coordinator localhost:9093 (id: 2147482646 rack: null)
2025-12-07 03:07:43.435 [org.springframework.kafka.KafkaListenerEndpointContainer#3-0-C-1] INFO  o.a.k.c.c.i.ConsumerCoordinator [node1:8080] - [Consumer clientId=consumer-pattern-consumer-2, groupId=pattern-consumer] Discovered group coordinator localhost:9093 (id: 2147482646 rack: null)
2025-12-07 03:07:43.435 [org.springframework.kafka.KafkaListenerEndpointContainer#1-0-C-1] INFO  o.a.k.c.c.i.ConsumerCoordinator [node1:8080] - [Consumer clientId=consumer-order-events-consumer-4, groupId=order-events-consumer] Discovered group coordinator localhost:9093 (id: 2147482646 rack: null)
2025-12-07 03:07:43.435 [org.springframework.kafka.KafkaListenerEndpointContainer#0-0-C-1] INFO  o.a.k.c.c.i.ConsumerCoordinator [node1:8080] - [Consumer clientId=consumer-user-events-consumer-3, groupId=user-events-consumer] Discovered group coordinator localhost:9093 (id: 2147482646 rack: null)
2025-12-07 03:07:43.441 [org.springframework.kafka.KafkaListenerEndpointContainer#2-0-C-1] INFO  o.a.k.c.c.i.ConsumerCoordinator [node1:8080] - [Consumer clientId=consumer-notification-batch-consumer-1, groupId=notification-batch-consumer] Discovered group coordinator localhost:9093 (id: 2147482646 rack: null)
