2025-12-09 00:00:25.191 [HikariPool-1 housekeeper] WARN  com.zaxxer.hikari.pool.HikariPool [node1:8080] - HikariPool-1 - Thread starvation or clock leap detected (housekeeper delta=9m45s608ms).
2025-12-09 00:09:47.007 [org.springframework.kafka.KafkaListenerEndpointContainer#2-0-C-1] INFO  o.a.k.clients.FetchSessionHandler [node1:8080] - [Consumer clientId=consumer-notification-batch-consumer-1, groupId=notification-batch-consumer] Error sending fetch request (sessionId=689078394, epoch=64) to node 1001:
org.apache.kafka.common.errors.DisconnectException: null
2025-12-09 00:09:47.007 [org.springframework.kafka.KafkaListenerEndpointContainer#0-0-C-1] INFO  o.a.k.clients.FetchSessionHandler [node1:8080] - [Consumer clientId=consumer-user-events-consumer-3, groupId=user-events-consumer] Error sending fetch request (sessionId=893287829, epoch=63) to node 1001:
org.apache.kafka.common.errors.DisconnectException: null
2025-12-09 00:09:47.007 [org.springframework.kafka.KafkaListenerEndpointContainer#1-0-C-1] INFO  o.a.k.clients.FetchSessionHandler [node1:8080] - [Consumer clientId=consumer-order-events-consumer-4, groupId=order-events-consumer] Error sending fetch request (sessionId=1444216080, epoch=63) to node 1001:
org.apache.kafka.common.errors.DisconnectException: null
2025-12-09 00:09:47.007 [org.springframework.kafka.KafkaListenerEndpointContainer#3-0-C-1] INFO  o.a.k.clients.FetchSessionHandler [node1:8080] - [Consumer clientId=consumer-pattern-consumer-2, groupId=pattern-consumer] Error sending fetch request (sessionId=625359895, epoch=63) to node 1001:
org.apache.kafka.common.errors.DisconnectException: null
2025-12-09 00:09:47.011 [kafka-coordinator-heartbeat-thread | notification-batch-consumer] INFO  o.a.k.c.c.i.ConsumerCoordinator [node1:8080] - [Consumer clientId=consumer-notification-batch-consumer-1, groupId=notification-batch-consumer] Group coordinator localhost:9093 (id: 2147482646 rack: null) is unavailable or invalid due to cause: session timed out without receiving a heartbeat response.isDisconnected: false. Rediscovery will be attempted.
2025-12-09 00:09:48.103 [kafka-coordinator-heartbeat-thread | user-events-consumer] INFO  o.a.k.c.c.i.ConsumerCoordinator [node1:8080] - [Consumer clientId=consumer-user-events-consumer-3, groupId=user-events-consumer] Group coordinator localhost:9093 (id: 2147482646 rack: null) is unavailable or invalid due to cause: session timed out without receiving a heartbeat response.isDisconnected: false. Rediscovery will be attempted.
2025-12-09 00:09:48.106 [kafka-coordinator-heartbeat-thread | pattern-consumer] INFO  o.a.k.c.c.i.ConsumerCoordinator [node1:8080] - [Consumer clientId=consumer-pattern-consumer-2, groupId=pattern-consumer] Group coordinator localhost:9093 (id: 2147482646 rack: null) is unavailable or invalid due to cause: session timed out without receiving a heartbeat response.isDisconnected: false. Rediscovery will be attempted.
2025-12-09 00:09:48.107 [kafka-coordinator-heartbeat-thread | order-events-consumer] INFO  o.a.k.c.c.i.ConsumerCoordinator [node1:8080] - [Consumer clientId=consumer-order-events-consumer-4, groupId=order-events-consumer] Group coordinator localhost:9093 (id: 2147482646 rack: null) is unavailable or invalid due to cause: session timed out without receiving a heartbeat response.isDisconnected: false. Rediscovery will be attempted.
2025-12-09 00:09:48.160 [org.springframework.kafka.KafkaListenerEndpointContainer#3-0-C-1] INFO  o.a.k.c.c.i.ConsumerCoordinator [node1:8080] - [Consumer clientId=consumer-pattern-consumer-2, groupId=pattern-consumer] Discovered group coordinator localhost:9093 (id: 2147482646 rack: null)
2025-12-09 00:09:48.164 [org.springframework.kafka.KafkaListenerEndpointContainer#0-0-C-1] INFO  o.a.k.c.c.i.ConsumerCoordinator [node1:8080] - [Consumer clientId=consumer-user-events-consumer-3, groupId=user-events-consumer] Discovered group coordinator localhost:9093 (id: 2147482646 rack: null)
2025-12-09 00:09:48.169 [org.springframework.kafka.KafkaListenerEndpointContainer#0-0-C-1] INFO  o.a.k.c.c.i.ConsumerCoordinator [node1:8080] - [Consumer clientId=consumer-user-events-consumer-3, groupId=user-events-consumer] Discovered group coordinator localhost:9093 (id: 2147482646 rack: null)
2025-12-09 00:09:48.170 [org.springframework.kafka.KafkaListenerEndpointContainer#1-0-C-1] INFO  o.a.k.c.c.i.ConsumerCoordinator [node1:8080] - [Consumer clientId=consumer-order-events-consumer-4, groupId=order-events-consumer] Discovered group coordinator localhost:9093 (id: 2147482646 rack: null)
2025-12-09 00:09:48.170 [org.springframework.kafka.KafkaListenerEndpointContainer#2-0-C-1] INFO  o.a.k.c.c.i.ConsumerCoordinator [node1:8080] - [Consumer clientId=consumer-notification-batch-consumer-1, groupId=notification-batch-consumer] Discovered group coordinator localhost:9093 (id: 2147482646 rack: null)
2025-12-09 00:09:48.171 [org.springframework.kafka.KafkaListenerEndpointContainer#3-0-C-1] INFO  o.a.k.c.c.i.ConsumerCoordinator [node1:8080] - [Consumer clientId=consumer-pattern-consumer-2, groupId=pattern-consumer] Discovered group coordinator localhost:9093 (id: 2147482646 rack: null)
2025-12-09 00:09:48.179 [org.springframework.kafka.KafkaListenerEndpointContainer#1-0-C-1] INFO  o.a.k.c.c.i.ConsumerCoordinator [node1:8080] - [Consumer clientId=consumer-order-events-consumer-4, groupId=order-events-consumer] Discovered group coordinator localhost:9093 (id: 2147482646 rack: null)
2025-12-09 00:09:48.179 [org.springframework.kafka.KafkaListenerEndpointContainer#2-0-C-1] INFO  o.a.k.c.c.i.ConsumerCoordinator [node1:8080] - [Consumer clientId=consumer-notification-batch-consumer-1, groupId=notification-batch-consumer] Discovered group coordinator localhost:9093 (id: 2147482646 rack: null)
2025-12-09 00:10:10.630 [HikariPool-1 housekeeper] WARN  com.zaxxer.hikari.pool.HikariPool [node1:8080] - HikariPool-1 - Thread starvation or clock leap detected (housekeeper delta=9m45s439ms).
2025-12-09 00:19:38.013 [org.springframework.kafka.KafkaListenerEndpointContainer#2-0-C-1] INFO  o.a.k.clients.FetchSessionHandler [node1:8080] - [Consumer clientId=consumer-notification-batch-consumer-1, groupId=notification-batch-consumer] Error sending fetch request (sessionId=1635462568, epoch=62) to node 1001:
org.apache.kafka.common.errors.DisconnectException: null
2025-12-09 00:19:38.013 [org.springframework.kafka.KafkaListenerEndpointContainer#1-0-C-1] INFO  o.a.k.clients.FetchSessionHandler [node1:8080] - [Consumer clientId=consumer-order-events-consumer-4, groupId=order-events-consumer] Error sending fetch request (sessionId=1570233703, epoch=62) to node 1001:
org.apache.kafka.common.errors.DisconnectException: null
2025-12-09 00:19:38.014 [org.springframework.kafka.KafkaListenerEndpointContainer#0-0-C-1] INFO  o.a.k.clients.FetchSessionHandler [node1:8080] - [Consumer clientId=consumer-user-events-consumer-3, groupId=user-events-consumer] Error sending fetch request (sessionId=1240642384, epoch=63) to node 1001:
org.apache.kafka.common.errors.DisconnectException: null
2025-12-09 00:19:38.013 [org.springframework.kafka.KafkaListenerEndpointContainer#3-0-C-1] INFO  o.a.k.clients.FetchSessionHandler [node1:8080] - [Consumer clientId=consumer-pattern-consumer-2, groupId=pattern-consumer] Error sending fetch request (sessionId=181953056, epoch=62) to node 1001:
org.apache.kafka.common.errors.DisconnectException: null
2025-12-09 00:19:38.016 [kafka-coordinator-heartbeat-thread | notification-batch-consumer] INFO  o.a.k.c.c.i.ConsumerCoordinator [node1:8080] - [Consumer clientId=consumer-notification-batch-consumer-1, groupId=notification-batch-consumer] Group coordinator localhost:9093 (id: 2147482646 rack: null) is unavailable or invalid due to cause: session timed out without receiving a heartbeat response.isDisconnected: false. Rediscovery will be attempted.
2025-12-09 00:19:38.016 [kafka-coordinator-heartbeat-thread | order-events-consumer] INFO  o.a.k.c.c.i.ConsumerCoordinator [node1:8080] - [Consumer clientId=consumer-order-events-consumer-4, groupId=order-events-consumer] Group coordinator localhost:9093 (id: 2147482646 rack: null) is unavailable or invalid due to cause: session timed out without receiving a heartbeat response.isDisconnected: false. Rediscovery will be attempted.
2025-12-09 00:19:38.016 [kafka-coordinator-heartbeat-thread | user-events-consumer] INFO  o.a.k.c.c.i.ConsumerCoordinator [node1:8080] - [Consumer clientId=consumer-user-events-consumer-3, groupId=user-events-consumer] Group coordinator localhost:9093 (id: 2147482646 rack: null) is unavailable or invalid due to cause: session timed out without receiving a heartbeat response.isDisconnected: false. Rediscovery will be attempted.
2025-12-09 00:19:38.018 [kafka-coordinator-heartbeat-thread | pattern-consumer] INFO  o.a.k.c.c.i.ConsumerCoordinator [node1:8080] - [Consumer clientId=consumer-pattern-consumer-2, groupId=pattern-consumer] Group coordinator localhost:9093 (id: 2147482646 rack: null) is unavailable or invalid due to cause: session timed out without receiving a heartbeat response.isDisconnected: false. Rediscovery will be attempted.
2025-12-09 00:19:39.194 [org.springframework.kafka.KafkaListenerEndpointContainer#2-0-C-1] INFO  o.a.k.c.c.i.ConsumerCoordinator [node1:8080] - [Consumer clientId=consumer-notification-batch-consumer-1, groupId=notification-batch-consumer] Discovered group coordinator localhost:9093 (id: 2147482646 rack: null)
2025-12-09 00:19:39.208 [org.springframework.kafka.KafkaListenerEndpointContainer#3-0-C-1] INFO  o.a.k.c.c.i.ConsumerCoordinator [node1:8080] - [Consumer clientId=consumer-pattern-consumer-2, groupId=pattern-consumer] Discovered group coordinator localhost:9093 (id: 2147482646 rack: null)
2025-12-09 00:19:39.221 [org.springframework.kafka.KafkaListenerEndpointContainer#1-0-C-1] INFO  o.a.k.c.c.i.ConsumerCoordinator [node1:8080] - [Consumer clientId=consumer-order-events-consumer-4, groupId=order-events-consumer] Discovered group coordinator localhost:9093 (id: 2147482646 rack: null)
2025-12-09 00:19:39.221 [org.springframework.kafka.KafkaListenerEndpointContainer#0-0-C-1] INFO  o.a.k.c.c.i.ConsumerCoordinator [node1:8080] - [Consumer clientId=consumer-user-events-consumer-3, groupId=user-events-consumer] Discovered group coordinator localhost:9093 (id: 2147482646 rack: null)
2025-12-09 00:19:55.962 [HikariPool-1 housekeeper] WARN  com.zaxxer.hikari.pool.HikariPool [node1:8080] - HikariPool-1 - Thread starvation or clock leap detected (housekeeper delta=9m45s332ms).
2025-12-09 00:29:29.011 [org.springframework.kafka.KafkaListenerEndpointContainer#1-0-C-1] INFO  o.a.k.c.c.i.ConsumerCoordinator [node1:8080] - [Consumer clientId=consumer-order-events-consumer-4, groupId=order-events-consumer] Group coordinator localhost:9093 (id: 2147482646 rack: null) is unavailable or invalid due to cause: null.isDisconnected: true. Rediscovery will be attempted.
2025-12-09 00:29:29.011 [org.springframework.kafka.KafkaListenerEndpointContainer#0-0-C-1] INFO  o.a.k.clients.FetchSessionHandler [node1:8080] - [Consumer clientId=consumer-user-events-consumer-3, groupId=user-events-consumer] Error sending fetch request (sessionId=1682521572, epoch=62) to node 1001:
org.apache.kafka.common.errors.DisconnectException: null
2025-12-09 00:29:29.011 [org.springframework.kafka.KafkaListenerEndpointContainer#3-0-C-1] INFO  o.a.k.clients.FetchSessionHandler [node1:8080] - [Consumer clientId=consumer-pattern-consumer-2, groupId=pattern-consumer] Error sending fetch request (sessionId=1643149538, epoch=62) to node 1001:
org.apache.kafka.common.errors.DisconnectException: null
2025-12-09 00:29:29.011 [org.springframework.kafka.KafkaListenerEndpointContainer#1-0-C-1] INFO  o.a.k.clients.FetchSessionHandler [node1:8080] - [Consumer clientId=consumer-order-events-consumer-4, groupId=order-events-consumer] Error sending fetch request (sessionId=1954468818, epoch=62) to node 1001:
org.apache.kafka.common.errors.DisconnectException: null
2025-12-09 00:29:29.011 [org.springframework.kafka.KafkaListenerEndpointContainer#2-0-C-1] INFO  o.a.k.clients.FetchSessionHandler [node1:8080] - [Consumer clientId=consumer-notification-batch-consumer-1, groupId=notification-batch-consumer] Error sending fetch request (sessionId=901843811, epoch=63) to node 1001:
org.apache.kafka.common.errors.DisconnectException: null
2025-12-09 00:29:29.014 [kafka-coordinator-heartbeat-thread | user-events-consumer] INFO  o.a.k.c.c.i.ConsumerCoordinator [node1:8080] - [Consumer clientId=consumer-user-events-consumer-3, groupId=user-events-consumer] Group coordinator localhost:9093 (id: 2147482646 rack: null) is unavailable or invalid due to cause: session timed out without receiving a heartbeat response.isDisconnected: false. Rediscovery will be attempted.
2025-12-09 00:29:29.014 [kafka-coordinator-heartbeat-thread | pattern-consumer] INFO  o.a.k.c.c.i.ConsumerCoordinator [node1:8080] - [Consumer clientId=consumer-pattern-consumer-2, groupId=pattern-consumer] Group coordinator localhost:9093 (id: 2147482646 rack: null) is unavailable or invalid due to cause: session timed out without receiving a heartbeat response.isDisconnected: false. Rediscovery will be attempted.
2025-12-09 00:29:29.015 [kafka-coordinator-heartbeat-thread | notification-batch-consumer] INFO  o.a.k.c.c.i.ConsumerCoordinator [node1:8080] - [Consumer clientId=consumer-notification-batch-consumer-1, groupId=notification-batch-consumer] Group coordinator localhost:9093 (id: 2147482646 rack: null) is unavailable or invalid due to cause: session timed out without receiving a heartbeat response.isDisconnected: false. Rediscovery will be attempted.
2025-12-09 00:29:30.177 [org.springframework.kafka.KafkaListenerEndpointContainer#3-0-C-1] INFO  o.a.k.c.c.i.ConsumerCoordinator [node1:8080] - [Consumer clientId=consumer-pattern-consumer-2, groupId=pattern-consumer] Discovered group coordinator localhost:9093 (id: 2147482646 rack: null)
2025-12-09 00:29:30.177 [org.springframework.kafka.KafkaListenerEndpointContainer#0-0-C-1] INFO  o.a.k.c.c.i.ConsumerCoordinator [node1:8080] - [Consumer clientId=consumer-user-events-consumer-3, groupId=user-events-consumer] Discovered group coordinator localhost:9093 (id: 2147482646 rack: null)
2025-12-09 00:29:30.193 [org.springframework.kafka.KafkaListenerEndpointContainer#2-0-C-1] INFO  o.a.k.c.c.i.ConsumerCoordinator [node1:8080] - [Consumer clientId=consumer-notification-batch-consumer-1, groupId=notification-batch-consumer] Discovered group coordinator localhost:9093 (id: 2147482646 rack: null)
2025-12-09 00:29:30.199 [org.springframework.kafka.KafkaListenerEndpointContainer#1-0-C-1] INFO  o.a.k.c.c.i.ConsumerCoordinator [node1:8080] - [Consumer clientId=consumer-order-events-consumer-4, groupId=order-events-consumer] Discovered group coordinator localhost:9093 (id: 2147482646 rack: null)
2025-12-09 00:29:41.515 [HikariPool-1 housekeeper] WARN  com.zaxxer.hikari.pool.HikariPool [node1:8080] - HikariPool-1 - Thread starvation or clock leap detected (housekeeper delta=9m45s553ms).
2025-12-09 00:39:20.013 [org.springframework.kafka.KafkaListenerEndpointContainer#3-0-C-1] INFO  o.a.k.clients.FetchSessionHandler [node1:8080] - [Consumer clientId=consumer-pattern-consumer-2, groupId=pattern-consumer] Error sending fetch request (sessionId=878464935, epoch=63) to node 1001:
org.apache.kafka.common.errors.DisconnectException: null
2025-12-09 00:39:20.014 [org.springframework.kafka.KafkaListenerEndpointContainer#1-0-C-1] INFO  o.a.k.clients.FetchSessionHandler [node1:8080] - [Consumer clientId=consumer-order-events-consumer-4, groupId=order-events-consumer] Error sending fetch request (sessionId=2110306583, epoch=64) to node 1001:
org.apache.kafka.common.errors.DisconnectException: null
2025-12-09 00:39:20.013 [org.springframework.kafka.KafkaListenerEndpointContainer#2-0-C-1] INFO  o.a.k.clients.FetchSessionHandler [node1:8080] - [Consumer clientId=consumer-notification-batch-consumer-1, groupId=notification-batch-consumer] Error sending fetch request (sessionId=727895862, epoch=63) to node 1001:
org.apache.kafka.common.errors.DisconnectException: null
2025-12-09 00:39:20.014 [org.springframework.kafka.KafkaListenerEndpointContainer#0-0-C-1] INFO  o.a.k.clients.FetchSessionHandler [node1:8080] - [Consumer clientId=consumer-user-events-consumer-3, groupId=user-events-consumer] Error sending fetch request (sessionId=364033494, epoch=63) to node 1001:
org.apache.kafka.common.errors.DisconnectException: null
2025-12-09 00:39:20.020 [kafka-coordinator-heartbeat-thread | notification-batch-consumer] INFO  o.a.k.c.c.i.ConsumerCoordinator [node1:8080] - [Consumer clientId=consumer-notification-batch-consumer-1, groupId=notification-batch-consumer] Group coordinator localhost:9093 (id: 2147482646 rack: null) is unavailable or invalid due to cause: session timed out without receiving a heartbeat response.isDisconnected: false. Rediscovery will be attempted.
2025-12-09 00:39:20.019 [kafka-coordinator-heartbeat-thread | pattern-consumer] INFO  o.a.k.c.c.i.ConsumerCoordinator [node1:8080] - [Consumer clientId=consumer-pattern-consumer-2, groupId=pattern-consumer] Group coordinator localhost:9093 (id: 2147482646 rack: null) is unavailable or invalid due to cause: session timed out without receiving a heartbeat response.isDisconnected: false. Rediscovery will be attempted.
2025-12-09 00:39:20.019 [kafka-coordinator-heartbeat-thread | order-events-consumer] INFO  o.a.k.c.c.i.ConsumerCoordinator [node1:8080] - [Consumer clientId=consumer-order-events-consumer-4, groupId=order-events-consumer] Group coordinator localhost:9093 (id: 2147482646 rack: null) is unavailable or invalid due to cause: session timed out without receiving a heartbeat response.isDisconnected: false. Rediscovery will be attempted.
2025-12-09 00:39:20.020 [kafka-coordinator-heartbeat-thread | user-events-consumer] INFO  o.a.k.c.c.i.ConsumerCoordinator [node1:8080] - [Consumer clientId=consumer-user-events-consumer-3, groupId=user-events-consumer] Group coordinator localhost:9093 (id: 2147482646 rack: null) is unavailable or invalid due to cause: session timed out without receiving a heartbeat response.isDisconnected: false. Rediscovery will be attempted.
2025-12-09 00:39:21.154 [org.springframework.kafka.KafkaListenerEndpointContainer#1-0-C-1] INFO  o.a.k.c.c.i.ConsumerCoordinator [node1:8080] - [Consumer clientId=consumer-order-events-consumer-4, groupId=order-events-consumer] Discovered group coordinator localhost:9093 (id: 2147482646 rack: null)
2025-12-09 00:39:21.163 [org.springframework.kafka.KafkaListenerEndpointContainer#0-0-C-1] INFO  o.a.k.c.c.i.ConsumerCoordinator [node1:8080] - [Consumer clientId=consumer-user-events-consumer-3, groupId=user-events-consumer] Discovered group coordinator localhost:9093 (id: 2147482646 rack: null)
2025-12-09 00:39:21.164 [org.springframework.kafka.KafkaListenerEndpointContainer#2-0-C-1] INFO  o.a.k.c.c.i.ConsumerCoordinator [node1:8080] - [Consumer clientId=consumer-notification-batch-consumer-1, groupId=notification-batch-consumer] Discovered group coordinator localhost:9093 (id: 2147482646 rack: null)
2025-12-09 00:39:21.179 [org.springframework.kafka.KafkaListenerEndpointContainer#3-0-C-1] INFO  o.a.k.c.c.i.ConsumerCoordinator [node1:8080] - [Consumer clientId=consumer-pattern-consumer-2, groupId=pattern-consumer] Discovered group coordinator localhost:9093 (id: 2147482646 rack: null)
2025-12-09 00:39:27.124 [HikariPool-1 housekeeper] WARN  com.zaxxer.hikari.pool.HikariPool [node1:8080] - HikariPool-1 - Thread starvation or clock leap detected (housekeeper delta=9m45s609ms).
2025-12-09 00:49:11.013 [org.springframework.kafka.KafkaListenerEndpointContainer#0-0-C-1] INFO  o.a.k.clients.FetchSessionHandler [node1:8080] - [Consumer clientId=consumer-user-events-consumer-3, groupId=user-events-consumer] Error sending fetch request (sessionId=509322804, epoch=63) to node 1001:
org.apache.kafka.common.errors.DisconnectException: null
2025-12-09 00:49:11.013 [org.springframework.kafka.KafkaListenerEndpointContainer#1-0-C-1] INFO  o.a.k.clients.FetchSessionHandler [node1:8080] - [Consumer clientId=consumer-order-events-consumer-4, groupId=order-events-consumer] Error sending fetch request (sessionId=1197461124, epoch=64) to node 1001:
org.apache.kafka.common.errors.DisconnectException: null
2025-12-09 00:49:11.013 [org.springframework.kafka.KafkaListenerEndpointContainer#3-0-C-1] INFO  o.a.k.clients.FetchSessionHandler [node1:8080] - [Consumer clientId=consumer-pattern-consumer-2, groupId=pattern-consumer] Error sending fetch request (sessionId=464008471, epoch=64) to node 1001:
org.apache.kafka.common.errors.DisconnectException: null
2025-12-09 00:49:11.016 [kafka-coordinator-heartbeat-thread | user-events-consumer] INFO  o.a.k.c.c.i.ConsumerCoordinator [node1:8080] - [Consumer clientId=consumer-user-events-consumer-3, groupId=user-events-consumer] Group coordinator localhost:9093 (id: 2147482646 rack: null) is unavailable or invalid due to cause: session timed out without receiving a heartbeat response.isDisconnected: false. Rediscovery will be attempted.
2025-12-09 00:49:11.013 [org.springframework.kafka.KafkaListenerEndpointContainer#2-0-C-1] INFO  o.a.k.clients.FetchSessionHandler [node1:8080] - [Consumer clientId=consumer-notification-batch-consumer-1, groupId=notification-batch-consumer] Error sending fetch request (sessionId=567218356, epoch=63) to node 1001:
org.apache.kafka.common.errors.DisconnectException: null
2025-12-09 00:49:11.016 [kafka-coordinator-heartbeat-thread | order-events-consumer] INFO  o.a.k.c.c.i.ConsumerCoordinator [node1:8080] - [Consumer clientId=consumer-order-events-consumer-4, groupId=order-events-consumer] Group coordinator localhost:9093 (id: 2147482646 rack: null) is unavailable or invalid due to cause: session timed out without receiving a heartbeat response.isDisconnected: false. Rediscovery will be attempted.
2025-12-09 00:49:11.016 [kafka-coordinator-heartbeat-thread | pattern-consumer] INFO  o.a.k.c.c.i.ConsumerCoordinator [node1:8080] - [Consumer clientId=consumer-pattern-consumer-2, groupId=pattern-consumer] Group coordinator localhost:9093 (id: 2147482646 rack: null) is unavailable or invalid due to cause: session timed out without receiving a heartbeat response.isDisconnected: false. Rediscovery will be attempted.
2025-12-09 00:49:11.018 [kafka-coordinator-heartbeat-thread | notification-batch-consumer] INFO  o.a.k.c.c.i.ConsumerCoordinator [node1:8080] - [Consumer clientId=consumer-notification-batch-consumer-1, groupId=notification-batch-consumer] Group coordinator localhost:9093 (id: 2147482646 rack: null) is unavailable or invalid due to cause: session timed out without receiving a heartbeat response.isDisconnected: false. Rediscovery will be attempted.
2025-12-09 00:49:12.095 [HikariPool-1 housekeeper] WARN  com.zaxxer.hikari.pool.HikariPool [node1:8080] - HikariPool-1 - Thread starvation or clock leap detected (housekeeper delta=9m44s971ms).
2025-12-09 00:49:12.119 [org.springframework.kafka.KafkaListenerEndpointContainer#0-0-C-1] INFO  o.a.k.c.c.i.ConsumerCoordinator [node1:8080] - [Consumer clientId=consumer-user-events-consumer-3, groupId=user-events-consumer] Discovered group coordinator localhost:9093 (id: 2147482646 rack: null)
2025-12-09 00:49:12.130 [org.springframework.kafka.KafkaListenerEndpointContainer#0-0-C-1] INFO  o.a.k.c.c.i.ConsumerCoordinator [node1:8080] - [Consumer clientId=consumer-user-events-consumer-3, groupId=user-events-consumer] Discovered group coordinator localhost:9093 (id: 2147482646 rack: null)
2025-12-09 00:49:12.131 [org.springframework.kafka.KafkaListenerEndpointContainer#1-0-C-1] INFO  o.a.k.c.c.i.ConsumerCoordinator [node1:8080] - [Consumer clientId=consumer-order-events-consumer-4, groupId=order-events-consumer] Discovered group coordinator localhost:9093 (id: 2147482646 rack: null)
2025-12-09 00:49:12.136 [org.springframework.kafka.KafkaListenerEndpointContainer#2-0-C-1] INFO  o.a.k.c.c.i.ConsumerCoordinator [node1:8080] - [Consumer clientId=consumer-notification-batch-consumer-1, groupId=notification-batch-consumer] Discovered group coordinator localhost:9093 (id: 2147482646 rack: null)
2025-12-09 00:49:12.136 [org.springframework.kafka.KafkaListenerEndpointContainer#1-0-C-1] INFO  o.a.k.c.c.i.ConsumerCoordinator [node1:8080] - [Consumer clientId=consumer-order-events-consumer-4, groupId=order-events-consumer] Discovered group coordinator localhost:9093 (id: 2147482646 rack: null)
2025-12-09 00:49:12.136 [org.springframework.kafka.KafkaListenerEndpointContainer#2-0-C-1] INFO  o.a.k.c.c.i.ConsumerCoordinator [node1:8080] - [Consumer clientId=consumer-notification-batch-consumer-1, groupId=notification-batch-consumer] Discovered group coordinator localhost:9093 (id: 2147482646 rack: null)
2025-12-09 00:49:13.001 [org.springframework.kafka.KafkaListenerEndpointContainer#3-0-C-1] INFO  o.a.k.c.c.i.ConsumerCoordinator [node1:8080] - [Consumer clientId=consumer-pattern-consumer-2, groupId=pattern-consumer] Discovered group coordinator localhost:9093 (id: 2147482646 rack: null)
2025-12-09 00:59:02.009 [org.springframework.kafka.KafkaListenerEndpointContainer#2-0-C-1] INFO  o.a.k.clients.FetchSessionHandler [node1:8080] - [Consumer clientId=consumer-notification-batch-consumer-1, groupId=notification-batch-consumer] Error sending fetch request (sessionId=1209804559, epoch=62) to node 1001:
org.apache.kafka.common.errors.DisconnectException: null
2025-12-09 00:59:02.009 [org.springframework.kafka.KafkaListenerEndpointContainer#1-0-C-1] INFO  o.a.k.clients.FetchSessionHandler [node1:8080] - [Consumer clientId=consumer-order-events-consumer-4, groupId=order-events-consumer] Error sending fetch request (sessionId=501107031, epoch=62) to node 1001:
org.apache.kafka.common.errors.DisconnectException: null
2025-12-09 00:59:02.009 [org.springframework.kafka.KafkaListenerEndpointContainer#0-0-C-1] INFO  o.a.k.clients.FetchSessionHandler [node1:8080] - [Consumer clientId=consumer-user-events-consumer-3, groupId=user-events-consumer] Error sending fetch request (sessionId=2109923543, epoch=62) to node 1001:
org.apache.kafka.common.errors.DisconnectException: null
2025-12-09 00:59:02.013 [org.springframework.kafka.KafkaListenerEndpointContainer#3-0-C-1] INFO  o.a.k.clients.FetchSessionHandler [node1:8080] - [Consumer clientId=consumer-pattern-consumer-2, groupId=pattern-consumer] Error sending fetch request (sessionId=309929370, epoch=62) to node 1001:
org.apache.kafka.common.errors.DisconnectException: null
2025-12-09 00:59:02.014 [kafka-coordinator-heartbeat-thread | pattern-consumer] INFO  o.a.k.c.c.i.ConsumerCoordinator [node1:8080] - [Consumer clientId=consumer-pattern-consumer-2, groupId=pattern-consumer] Group coordinator localhost:9093 (id: 2147482646 rack: null) is unavailable or invalid due to cause: session timed out without receiving a heartbeat response.isDisconnected: false. Rediscovery will be attempted.
2025-12-09 00:59:02.014 [kafka-coordinator-heartbeat-thread | notification-batch-consumer] INFO  o.a.k.c.c.i.ConsumerCoordinator [node1:8080] - [Consumer clientId=consumer-notification-batch-consumer-1, groupId=notification-batch-consumer] Group coordinator localhost:9093 (id: 2147482646 rack: null) is unavailable or invalid due to cause: session timed out without receiving a heartbeat response.isDisconnected: false. Rediscovery will be attempted.
2025-12-09 00:59:02.014 [kafka-coordinator-heartbeat-thread | user-events-consumer] INFO  o.a.k.c.c.i.ConsumerCoordinator [node1:8080] - [Consumer clientId=consumer-user-events-consumer-3, groupId=user-events-consumer] Group coordinator localhost:9093 (id: 2147482646 rack: null) is unavailable or invalid due to cause: session timed out without receiving a heartbeat response.isDisconnected: false. Rediscovery will be attempted.
2025-12-09 00:59:02.014 [kafka-coordinator-heartbeat-thread | order-events-consumer] INFO  o.a.k.c.c.i.ConsumerCoordinator [node1:8080] - [Consumer clientId=consumer-order-events-consumer-4, groupId=order-events-consumer] Group coordinator localhost:9093 (id: 2147482646 rack: null) is unavailable or invalid due to cause: session timed out without receiving a heartbeat response.isDisconnected: false. Rediscovery will be attempted.
2025-12-09 00:59:03.138 [org.springframework.kafka.KafkaListenerEndpointContainer#2-0-C-1] INFO  o.a.k.c.c.i.ConsumerCoordinator [node1:8080] - [Consumer clientId=consumer-notification-batch-consumer-1, groupId=notification-batch-consumer] Discovered group coordinator localhost:9093 (id: 2147482646 rack: null)
2025-12-09 00:59:03.141 [org.springframework.kafka.KafkaListenerEndpointContainer#2-0-C-1] INFO  o.a.k.c.c.i.ConsumerCoordinator [node1:8080] - [Consumer clientId=consumer-notification-batch-consumer-1, groupId=notification-batch-consumer] Discovered group coordinator localhost:9093 (id: 2147482646 rack: null)
2025-12-09 00:59:03.142 [org.springframework.kafka.KafkaListenerEndpointContainer#3-0-C-1] INFO  o.a.k.c.c.i.ConsumerCoordinator [node1:8080] - [Consumer clientId=consumer-pattern-consumer-2, groupId=pattern-consumer] Discovered group coordinator localhost:9093 (id: 2147482646 rack: null)
2025-12-09 00:59:03.146 [org.springframework.kafka.KafkaListenerEndpointContainer#3-0-C-1] INFO  o.a.k.c.c.i.ConsumerCoordinator [node1:8080] - [Consumer clientId=consumer-pattern-consumer-2, groupId=pattern-consumer] Discovered group coordinator localhost:9093 (id: 2147482646 rack: null)
2025-12-09 00:59:03.147 [org.springframework.kafka.KafkaListenerEndpointContainer#1-0-C-1] INFO  o.a.k.c.c.i.ConsumerCoordinator [node1:8080] - [Consumer clientId=consumer-order-events-consumer-4, groupId=order-events-consumer] Discovered group coordinator localhost:9093 (id: 2147482646 rack: null)
2025-12-09 00:59:03.150 [org.springframework.kafka.KafkaListenerEndpointContainer#0-0-C-1] INFO  o.a.k.c.c.i.ConsumerCoordinator [node1:8080] - [Consumer clientId=consumer-user-events-consumer-3, groupId=user-events-consumer] Discovered group coordinator localhost:9093 (id: 2147482646 rack: null)
2025-12-09 00:59:03.152 [org.springframework.kafka.KafkaListenerEndpointContainer#1-0-C-1] INFO  o.a.k.c.c.i.ConsumerCoordinator [node1:8080] - [Consumer clientId=consumer-order-events-consumer-4, groupId=order-events-consumer] Discovered group coordinator localhost:9093 (id: 2147482646 rack: null)
2025-12-09 00:59:03.152 [org.springframework.kafka.KafkaListenerEndpointContainer#1-0-C-1] INFO  o.a.k.c.c.i.ConsumerCoordinator [node1:8080] - [Consumer clientId=consumer-order-events-consumer-4, groupId=order-events-consumer] Group coordinator localhost:9093 (id: 2147482646 rack: null) is unavailable or invalid due to cause: coordinator unavailable.isDisconnected: false. Rediscovery will be attempted.
2025-12-09 00:59:03.154 [org.springframework.kafka.KafkaListenerEndpointContainer#0-0-C-1] INFO  o.a.k.c.c.i.ConsumerCoordinator [node1:8080] - [Consumer clientId=consumer-user-events-consumer-3, groupId=user-events-consumer] Discovered group coordinator localhost:9093 (id: 2147482646 rack: null)
2025-12-09 00:59:03.264 [org.springframework.kafka.KafkaListenerEndpointContainer#1-0-C-1] INFO  o.a.k.c.c.i.ConsumerCoordinator [node1:8080] - [Consumer clientId=consumer-order-events-consumer-4, groupId=order-events-consumer] Discovered group coordinator localhost:9093 (id: 2147482646 rack: null)
2025-12-09 00:59:28.420 [HikariPool-1 housekeeper] WARN  com.zaxxer.hikari.pool.HikariPool [node1:8080] - HikariPool-1 - Thread starvation or clock leap detected (housekeeper delta=9m45s481ms).
2025-12-09 01:08:52.006 [org.springframework.kafka.KafkaListenerEndpointContainer#0-0-C-1] INFO  o.a.k.clients.FetchSessionHandler [node1:8080] - [Consumer clientId=consumer-user-events-consumer-3, groupId=user-events-consumer] Error sending fetch request (sessionId=108500025, epoch=62) to node 1001:
org.apache.kafka.common.errors.DisconnectException: null
2025-12-09 01:08:52.006 [org.springframework.kafka.KafkaListenerEndpointContainer#3-0-C-1] INFO  o.a.k.clients.FetchSessionHandler [node1:8080] - [Consumer clientId=consumer-pattern-consumer-2, groupId=pattern-consumer] Error sending fetch request (sessionId=1702717642, epoch=62) to node 1001:
org.apache.kafka.common.errors.DisconnectException: null
2025-12-09 01:08:52.009 [kafka-coordinator-heartbeat-thread | user-events-consumer] INFO  o.a.k.c.c.i.ConsumerCoordinator [node1:8080] - [Consumer clientId=consumer-user-events-consumer-3, groupId=user-events-consumer] Group coordinator localhost:9093 (id: 2147482646 rack: null) is unavailable or invalid due to cause: session timed out without receiving a heartbeat response.isDisconnected: false. Rediscovery will be attempted.
2025-12-09 01:08:52.006 [org.springframework.kafka.KafkaListenerEndpointContainer#2-0-C-1] INFO  o.a.k.clients.FetchSessionHandler [node1:8080] - [Consumer clientId=consumer-notification-batch-consumer-1, groupId=notification-batch-consumer] Error sending fetch request (sessionId=523530674, epoch=63) to node 1001:
org.apache.kafka.common.errors.DisconnectException: null
2025-12-09 01:08:52.006 [org.springframework.kafka.KafkaListenerEndpointContainer#1-0-C-1] INFO  o.a.k.clients.FetchSessionHandler [node1:8080] - [Consumer clientId=consumer-order-events-consumer-4, groupId=order-events-consumer] Error sending fetch request (sessionId=481702612, epoch=62) to node 1001:
org.apache.kafka.common.errors.DisconnectException: null
2025-12-09 01:08:52.011 [kafka-coordinator-heartbeat-thread | notification-batch-consumer] INFO  o.a.k.c.c.i.ConsumerCoordinator [node1:8080] - [Consumer clientId=consumer-notification-batch-consumer-1, groupId=notification-batch-consumer] Group coordinator localhost:9093 (id: 2147482646 rack: null) is unavailable or invalid due to cause: session timed out without receiving a heartbeat response.isDisconnected: false. Rediscovery will be attempted.
2025-12-09 01:08:52.011 [kafka-coordinator-heartbeat-thread | order-events-consumer] INFO  o.a.k.c.c.i.ConsumerCoordinator [node1:8080] - [Consumer clientId=consumer-order-events-consumer-4, groupId=order-events-consumer] Group coordinator localhost:9093 (id: 2147482646 rack: null) is unavailable or invalid due to cause: session timed out without receiving a heartbeat response.isDisconnected: false. Rediscovery will be attempted.
2025-12-09 01:08:52.011 [kafka-coordinator-heartbeat-thread | pattern-consumer] INFO  o.a.k.c.c.i.ConsumerCoordinator [node1:8080] - [Consumer clientId=consumer-pattern-consumer-2, groupId=pattern-consumer] Group coordinator localhost:9093 (id: 2147482646 rack: null) is unavailable or invalid due to cause: session timed out without receiving a heartbeat response.isDisconnected: false. Rediscovery will be attempted.
2025-12-09 01:08:53.143 [org.springframework.kafka.KafkaListenerEndpointContainer#1-0-C-1] INFO  o.a.k.c.c.i.ConsumerCoordinator [node1:8080] - [Consumer clientId=consumer-order-events-consumer-4, groupId=order-events-consumer] Discovered group coordinator localhost:9093 (id: 2147482646 rack: null)
2025-12-09 01:08:53.143 [org.springframework.kafka.KafkaListenerEndpointContainer#2-0-C-1] INFO  o.a.k.c.c.i.ConsumerCoordinator [node1:8080] - [Consumer clientId=consumer-notification-batch-consumer-1, groupId=notification-batch-consumer] Discovered group coordinator localhost:9093 (id: 2147482646 rack: null)
2025-12-09 01:08:53.143 [org.springframework.kafka.KafkaListenerEndpointContainer#3-0-C-1] INFO  o.a.k.c.c.i.ConsumerCoordinator [node1:8080] - [Consumer clientId=consumer-pattern-consumer-2, groupId=pattern-consumer] Discovered group coordinator localhost:9093 (id: 2147482646 rack: null)
2025-12-09 01:08:53.149 [org.springframework.kafka.KafkaListenerEndpointContainer#0-0-C-1] INFO  o.a.k.c.c.i.ConsumerCoordinator [node1:8080] - [Consumer clientId=consumer-user-events-consumer-3, groupId=user-events-consumer] Discovered group coordinator localhost:9093 (id: 2147482646 rack: null)
2025-12-09 01:08:53.153 [org.springframework.kafka.KafkaListenerEndpointContainer#2-0-C-1] INFO  o.a.k.c.c.i.ConsumerCoordinator [node1:8080] - [Consumer clientId=consumer-notification-batch-consumer-1, groupId=notification-batch-consumer] Discovered group coordinator localhost:9093 (id: 2147482646 rack: null)
2025-12-09 01:09:11.870 [HikariPool-1 housekeeper] WARN  com.zaxxer.hikari.pool.HikariPool [node1:8080] - HikariPool-1 - Thread starvation or clock leap detected (housekeeper delta=9m43s450ms).
2025-12-09 01:10:56.010 [org.springframework.kafka.KafkaListenerEndpointContainer#2-0-C-1] INFO  o.a.k.clients.FetchSessionHandler [node1:8080] - [Consumer clientId=consumer-notification-batch-consumer-1, groupId=notification-batch-consumer] Error sending fetch request (sessionId=1745866596, epoch=63) to node 1001:
org.apache.kafka.common.errors.DisconnectException: null
2025-12-09 01:10:56.010 [org.springframework.kafka.KafkaListenerEndpointContainer#1-0-C-1] INFO  o.a.k.clients.FetchSessionHandler [node1:8080] - [Consumer clientId=consumer-order-events-consumer-4, groupId=order-events-consumer] Error sending fetch request (sessionId=146862135, epoch=63) to node 1001:
org.apache.kafka.common.errors.DisconnectException: null
2025-12-09 01:10:56.010 [org.springframework.kafka.KafkaListenerEndpointContainer#0-0-C-1] INFO  o.a.k.clients.FetchSessionHandler [node1:8080] - [Consumer clientId=consumer-user-events-consumer-3, groupId=user-events-consumer] Error sending fetch request (sessionId=481345997, epoch=63) to node 1001:
org.apache.kafka.common.errors.DisconnectException: null
2025-12-09 01:10:56.014 [kafka-coordinator-heartbeat-thread | order-events-consumer] INFO  o.a.k.c.c.i.ConsumerCoordinator [node1:8080] - [Consumer clientId=consumer-order-events-consumer-4, groupId=order-events-consumer] Group coordinator localhost:9093 (id: 2147482646 rack: null) is unavailable or invalid due to cause: session timed out without receiving a heartbeat response.isDisconnected: false. Rediscovery will be attempted.
2025-12-09 01:10:56.010 [org.springframework.kafka.KafkaListenerEndpointContainer#3-0-C-1] INFO  o.a.k.clients.FetchSessionHandler [node1:8080] - [Consumer clientId=consumer-pattern-consumer-2, groupId=pattern-consumer] Error sending fetch request (sessionId=611335287, epoch=63) to node 1001:
org.apache.kafka.common.errors.DisconnectException: null
2025-12-09 01:10:56.015 [kafka-coordinator-heartbeat-thread | pattern-consumer] INFO  o.a.k.c.c.i.ConsumerCoordinator [node1:8080] - [Consumer clientId=consumer-pattern-consumer-2, groupId=pattern-consumer] Group coordinator localhost:9093 (id: 2147482646 rack: null) is unavailable or invalid due to cause: session timed out without receiving a heartbeat response.isDisconnected: false. Rediscovery will be attempted.
2025-12-09 01:10:56.015 [kafka-coordinator-heartbeat-thread | user-events-consumer] INFO  o.a.k.c.c.i.ConsumerCoordinator [node1:8080] - [Consumer clientId=consumer-user-events-consumer-3, groupId=user-events-consumer] Group coordinator localhost:9093 (id: 2147482646 rack: null) is unavailable or invalid due to cause: session timed out without receiving a heartbeat response.isDisconnected: false. Rediscovery will be attempted.
2025-12-09 01:10:56.014 [kafka-coordinator-heartbeat-thread | notification-batch-consumer] INFO  o.a.k.c.c.i.ConsumerCoordinator [node1:8080] - [Consumer clientId=consumer-notification-batch-consumer-1, groupId=notification-batch-consumer] Group coordinator localhost:9093 (id: 2147482646 rack: null) is unavailable or invalid due to cause: session timed out without receiving a heartbeat response.isDisconnected: false. Rediscovery will be attempted.
2025-12-09 01:10:57.134 [org.springframework.kafka.KafkaListenerEndpointContainer#1-0-C-1] INFO  o.a.k.c.c.i.ConsumerCoordinator [node1:8080] - [Consumer clientId=consumer-order-events-consumer-4, groupId=order-events-consumer] Discovered group coordinator localhost:9093 (id: 2147482646 rack: null)
2025-12-09 01:10:57.135 [org.springframework.kafka.KafkaListenerEndpointContainer#3-0-C-1] INFO  o.a.k.c.c.i.ConsumerCoordinator [node1:8080] - [Consumer clientId=consumer-pattern-consumer-2, groupId=pattern-consumer] Discovered group coordinator localhost:9093 (id: 2147482646 rack: null)
2025-12-09 01:10:57.139 [org.springframework.kafka.KafkaListenerEndpointContainer#0-0-C-1] INFO  o.a.k.c.c.i.ConsumerCoordinator [node1:8080] - [Consumer clientId=consumer-user-events-consumer-3, groupId=user-events-consumer] Discovered group coordinator localhost:9093 (id: 2147482646 rack: null)
2025-12-09 01:10:57.144 [org.springframework.kafka.KafkaListenerEndpointContainer#0-0-C-1] INFO  o.a.k.c.c.i.ConsumerCoordinator [node1:8080] - [Consumer clientId=consumer-user-events-consumer-3, groupId=user-events-consumer] Discovered group coordinator localhost:9093 (id: 2147482646 rack: null)
2025-12-09 01:10:57.144 [org.springframework.kafka.KafkaListenerEndpointContainer#2-0-C-1] INFO  o.a.k.c.c.i.ConsumerCoordinator [node1:8080] - [Consumer clientId=consumer-notification-batch-consumer-1, groupId=notification-batch-consumer] Discovered group coordinator localhost:9093 (id: 2147482646 rack: null)
2025-12-09 01:11:11.374 [HikariPool-1 housekeeper] WARN  com.zaxxer.hikari.pool.HikariPool [node1:8080] - HikariPool-1 - Thread starvation or clock leap detected (housekeeper delta=1m59s505ms).
